==================================================
YU-GI-OH! DECK BUILDER - COMPREHENSIVE TEST
==================================================
Testing YGOPRODeck API connection...
Making request to: https://db.ygoprodeck.com/api/v7/cardinfo.php
Response status: 200
python : Traceback (most recent call last):
At line:1 char:1
+ python test_api.py > test_output.txt 2>&1
+ ~~~~~~~~~~~~~~~~~~~~~~~~~~~~~~~~~~~~~~~~~
    + CategoryInfo          : NotSpecified: (Traceback (most recent call last)::String) [], RemoteException
    + FullyQualifiedErrorId : NativeCommandError
 
  File "C:\Users\HP\Desktop\Python DIY\test_api.py", line 14, in test_api_connection
    print("\u2713 API connection successful!")
  File "C:\Program Files\WindowsApps\PythonSoftwareFoundation.Python.3.12_3.12.2800.0_x64__qbz5n2kfra8p0\Lib\encodings\cp1256.py", line 
19, in encode
    return codecs.charmap_encode(input,self.errors,encoding_table)[0]
           ^^^^^^^^^^^^^^^^^^^^^^^^^^^^^^^^^^^^^^^^^^^^^^^^^^^^^^^
UnicodeEncodeError: 'charmap' codec can't encode character '\u2713' in position 0: character maps to <undefined>

During handling of the above exception, another exception occurred:

Traceback (most recent call last):
  File "C:\Users\HP\Desktop\Python DIY\test_api.py", line 77, in <module>
    test_api_connection()
  File "C:\Users\HP\Desktop\Python DIY\test_api.py", line 46, in test_api_connection
    print(f"\u2717 Connection failed: {str(e)}")
  File "C:\Program Files\WindowsApps\PythonSoftwareFoundation.Python.3.12_3.12.2800.0_x64__qbz5n2kfra8p0\Lib\encodings\cp1256.py", line 
19, in encode
    return codecs.charmap_encode(input,self.errors,encoding_table)[0]
           ^^^^^^^^^^^^^^^^^^^^^^^^^^^^^^^^^^^^^^^^^^^^^^^^^^^^^^^
UnicodeEncodeError: 'charmap' codec can't encode character '\u2717' in position 0: character maps to <undefined>
